
[ANALYZER ERROR] brand_clarity: FileNotFoundError: [Errno 2] No such file or directory: '/Users/cindrax/Desktop/AI 软件创业/prompts/geo_audit/04_brand_clarity.txt'
Traceback (most recent call last):
  File "/Users/cindrax/Desktop/AI 软件创业/geo_toolkit/mvp_a_audit/app.py", line 199, in render_scanning
    audit_results[key] = future.result()
                         ~~~~~~~~~~~~~^^
  File "/Users/cindrax/.local/share/uv/python/cpython-3.14.3-macos-aarch64-none/lib/python3.14/concurrent/futures/_base.py", line 443, in result
    return self.__get_result()
           ~~~~~~~~~~~~~~~~~^^
  File "/Users/cindrax/.local/share/uv/python/cpython-3.14.3-macos-aarch64-none/lib/python3.14/concurrent/futures/_base.py", line 395, in __get_result
    raise self._exception
  File "/Users/cindrax/.local/share/uv/python/cpython-3.14.3-macos-aarch64-none/lib/python3.14/concurrent/futures/thread.py", line 86, in run
    result = ctx.run(self.task)
  File "/Users/cindrax/.local/share/uv/python/cpython-3.14.3-macos-aarch64-none/lib/python3.14/concurrent/futures/thread.py", line 73, in run
    return fn(*args, **kwargs)
  File "/Users/cindrax/Desktop/AI 软件创业/geo_toolkit/mvp_a_audit/analyzers/brand_clarity.py", line 26, in analyze
    prompt_tmpl = _PROMPT_PATH.read_text(encoding="utf-8")
  File "/Users/cindrax/.local/share/uv/python/cpython-3.14.3-macos-aarch64-none/lib/python3.14/pathlib/__init__.py", line 787, in read_text
    with self.open(mode='r', encoding=encoding, errors=errors, newline=newline) as f:
         ~~~~~~~~~^^^^^^^^^^^^^^^^^^^^^^^^^^^^^^^^^^^^^^^^^^^^^^^^^^^^^^^^^^^^^
  File "/Users/cindrax/.local/share/uv/python/cpython-3.14.3-macos-aarch64-none/lib/python3.14/pathlib/__init__.py", line 771, in open
    return io.open(self, mode, buffering, encoding, errors, newline)
           ~~~~~~~^^^^^^^^^^^^^^^^^^^^^^^^^^^^^^^^^^^^^^^^^^^^^^^^^^
FileNotFoundError: [Errno 2] No such file or directory: '/Users/cindrax/Desktop/AI 软件创业/prompts/geo_audit/04_brand_clarity.txt'


[ANALYZER ERROR] eeat_signals: FileNotFoundError: [Errno 2] No such file or directory: '/Users/cindrax/Desktop/AI 软件创业/prompts/geo_audit/06_eeat_signals.txt'
Traceback (most recent call last):
  File "/Users/cindrax/Desktop/AI 软件创业/geo_toolkit/mvp_a_audit/app.py", line 199, in render_scanning
    audit_results[key] = future.result()
                         ~~~~~~~~~~~~~^^
  File "/Users/cindrax/.local/share/uv/python/cpython-3.14.3-macos-aarch64-none/lib/python3.14/concurrent/futures/_base.py", line 443, in result
    return self.__get_result()
           ~~~~~~~~~~~~~~~~~^^
  File "/Users/cindrax/.local/share/uv/python/cpython-3.14.3-macos-aarch64-none/lib/python3.14/concurrent/futures/_base.py", line 395, in __get_result
    raise self._exception
  File "/Users/cindrax/.local/share/uv/python/cpython-3.14.3-macos-aarch64-none/lib/python3.14/concurrent/futures/thread.py", line 86, in run
    result = ctx.run(self.task)
  File "/Users/cindrax/.local/share/uv/python/cpython-3.14.3-macos-aarch64-none/lib/python3.14/concurrent/futures/thread.py", line 73, in run
    return fn(*args, **kwargs)
  File "/Users/cindrax/Desktop/AI 软件创业/geo_toolkit/mvp_a_audit/analyzers/eeat_signals.py", line 25, in analyze
    prompt_tmpl = _PROMPT_PATH.read_text(encoding="utf-8")
  File "/Users/cindrax/.local/share/uv/python/cpython-3.14.3-macos-aarch64-none/lib/python3.14/pathlib/__init__.py", line 787, in read_text
    with self.open(mode='r', encoding=encoding, errors=errors, newline=newline) as f:
         ~~~~~~~~~^^^^^^^^^^^^^^^^^^^^^^^^^^^^^^^^^^^^^^^^^^^^^^^^^^^^^^^^^^^^^
  File "/Users/cindrax/.local/share/uv/python/cpython-3.14.3-macos-aarch64-none/lib/python3.14/pathlib/__init__.py", line 771, in open
    return io.open(self, mode, buffering, encoding, errors, newline)
           ~~~~~~~^^^^^^^^^^^^^^^^^^^^^^^^^^^^^^^^^^^^^^^^^^^^^^^^^^
FileNotFoundError: [Errno 2] No such file or directory: '/Users/cindrax/Desktop/AI 软件创业/prompts/geo_audit/06_eeat_signals.txt'


[ANALYZER ERROR] factual_density: FileNotFoundError: [Errno 2] No such file or directory: '/Users/cindrax/Desktop/AI 软件创业/prompts/geo_audit/08_factual_density.txt'
Traceback (most recent call last):
  File "/Users/cindrax/Desktop/AI 软件创业/geo_toolkit/mvp_a_audit/app.py", line 199, in render_scanning
    audit_results[key] = future.result()
                         ~~~~~~~~~~~~~^^
  File "/Users/cindrax/.local/share/uv/python/cpython-3.14.3-macos-aarch64-none/lib/python3.14/concurrent/futures/_base.py", line 443, in result
    return self.__get_result()
           ~~~~~~~~~~~~~~~~~^^
  File "/Users/cindrax/.local/share/uv/python/cpython-3.14.3-macos-aarch64-none/lib/python3.14/concurrent/futures/_base.py", line 395, in __get_result
    raise self._exception
  File "/Users/cindrax/.local/share/uv/python/cpython-3.14.3-macos-aarch64-none/lib/python3.14/concurrent/futures/thread.py", line 86, in run
    result = ctx.run(self.task)
  File "/Users/cindrax/.local/share/uv/python/cpython-3.14.3-macos-aarch64-none/lib/python3.14/concurrent/futures/thread.py", line 73, in run
    return fn(*args, **kwargs)
  File "/Users/cindrax/Desktop/AI 软件创业/geo_toolkit/mvp_a_audit/analyzers/factual_density.py", line 25, in analyze
    prompt_tmpl = _PROMPT_PATH.read_text(encoding="utf-8")
  File "/Users/cindrax/.local/share/uv/python/cpython-3.14.3-macos-aarch64-none/lib/python3.14/pathlib/__init__.py", line 787, in read_text
    with self.open(mode='r', encoding=encoding, errors=errors, newline=newline) as f:
         ~~~~~~~~~^^^^^^^^^^^^^^^^^^^^^^^^^^^^^^^^^^^^^^^^^^^^^^^^^^^^^^^^^^^^^
  File "/Users/cindrax/.local/share/uv/python/cpython-3.14.3-macos-aarch64-none/lib/python3.14/pathlib/__init__.py", line 771, in open
    return io.open(self, mode, buffering, encoding, errors, newline)
           ~~~~~~~^^^^^^^^^^^^^^^^^^^^^^^^^^^^^^^^^^^^^^^^^^^^^^^^^^
FileNotFoundError: [Errno 2] No such file or directory: '/Users/cindrax/Desktop/AI 软件创业/prompts/geo_audit/08_factual_density.txt'


[ANALYZER ERROR] competitive: FileNotFoundError: [Errno 2] No such file or directory: '/Users/cindrax/Desktop/AI 软件创业/prompts/geo_audit/07_competitive.txt'
Traceback (most recent call last):
  File "/Users/cindrax/Desktop/AI 软件创业/geo_toolkit/mvp_a_audit/app.py", line 199, in render_scanning
    audit_results[key] = future.result()
                         ~~~~~~~~~~~~~^^
  File "/Users/cindrax/.local/share/uv/python/cpython-3.14.3-macos-aarch64-none/lib/python3.14/concurrent/futures/_base.py", line 443, in result
    return self.__get_result()
           ~~~~~~~~~~~~~~~~~^^
  File "/Users/cindrax/.local/share/uv/python/cpython-3.14.3-macos-aarch64-none/lib/python3.14/concurrent/futures/_base.py", line 395, in __get_result
    raise self._exception
  File "/Users/cindrax/.local/share/uv/python/cpython-3.14.3-macos-aarch64-none/lib/python3.14/concurrent/futures/thread.py", line 86, in run
    result = ctx.run(self.task)
  File "/Users/cindrax/.local/share/uv/python/cpython-3.14.3-macos-aarch64-none/lib/python3.14/concurrent/futures/thread.py", line 73, in run
    return fn(*args, **kwargs)
  File "/Users/cindrax/Desktop/AI 软件创业/geo_toolkit/mvp_a_audit/analyzers/competitive.py", line 44, in analyze
    prompt_tmpl = _PROMPT_PATH.read_text(encoding="utf-8")
  File "/Users/cindrax/.local/share/uv/python/cpython-3.14.3-macos-aarch64-none/lib/python3.14/pathlib/__init__.py", line 787, in read_text
    with self.open(mode='r', encoding=encoding, errors=errors, newline=newline) as f:
         ~~~~~~~~~^^^^^^^^^^^^^^^^^^^^^^^^^^^^^^^^^^^^^^^^^^^^^^^^^^^^^^^^^^^^^
  File "/Users/cindrax/.local/share/uv/python/cpython-3.14.3-macos-aarch64-none/lib/python3.14/pathlib/__init__.py", line 771, in open
    return io.open(self, mode, buffering, encoding, errors, newline)
           ~~~~~~~^^^^^^^^^^^^^^^^^^^^^^^^^^^^^^^^^^^^^^^^^^^^^^^^^^
FileNotFoundError: [Errno 2] No such file or directory: '/Users/cindrax/Desktop/AI 软件创业/prompts/geo_audit/07_competitive.txt'


[ANALYZER ERROR] content_citability: FileNotFoundError: [Errno 2] No such file or directory: '/Users/cindrax/Desktop/AI 软件创业/prompts/geo_audit/05_content_citability.txt'
Traceback (most recent call last):
  File "/Users/cindrax/Desktop/AI 软件创业/geo_toolkit/mvp_a_audit/app.py", line 199, in render_scanning
    audit_results[key] = future.result()
                         ~~~~~~~~~~~~~^^
  File "/Users/cindrax/.local/share/uv/python/cpython-3.14.3-macos-aarch64-none/lib/python3.14/concurrent/futures/_base.py", line 443, in result
    return self.__get_result()
           ~~~~~~~~~~~~~~~~~^^
  File "/Users/cindrax/.local/share/uv/python/cpython-3.14.3-macos-aarch64-none/lib/python3.14/concurrent/futures/_base.py", line 395, in __get_result
    raise self._exception
  File "/Users/cindrax/.local/share/uv/python/cpython-3.14.3-macos-aarch64-none/lib/python3.14/concurrent/futures/thread.py", line 86, in run
    result = ctx.run(self.task)
  File "/Users/cindrax/.local/share/uv/python/cpython-3.14.3-macos-aarch64-none/lib/python3.14/concurrent/futures/thread.py", line 73, in run
    return fn(*args, **kwargs)
  File "/Users/cindrax/Desktop/AI 软件创业/geo_toolkit/mvp_a_audit/analyzers/content_citability.py", line 55, in analyze
    prompt_tmpl = _PROMPT_PATH.read_text(encoding="utf-8")
  File "/Users/cindrax/.local/share/uv/python/cpython-3.14.3-macos-aarch64-none/lib/python3.14/pathlib/__init__.py", line 787, in read_text
    with self.open(mode='r', encoding=encoding, errors=errors, newline=newline) as f:
         ~~~~~~~~~^^^^^^^^^^^^^^^^^^^^^^^^^^^^^^^^^^^^^^^^^^^^^^^^^^^^^^^^^^^^^
  File "/Users/cindrax/.local/share/uv/python/cpython-3.14.3-macos-aarch64-none/lib/python3.14/pathlib/__init__.py", line 771, in open
    return io.open(self, mode, buffering, encoding, errors, newline)
           ~~~~~~~^^^^^^^^^^^^^^^^^^^^^^^^^^^^^^^^^^^^^^^^^^^^^^^^^^
FileNotFoundError: [Errno 2] No such file or directory: '/Users/cindrax/Desktop/AI 软件创业/prompts/geo_audit/05_content_citability.txt'


[ANALYZER ERROR] brand_clarity: FileNotFoundError: [Errno 2] No such file or directory: '/Users/cindrax/Desktop/AI 软件创业/prompts/geo_audit/04_brand_clarity.txt'
Traceback (most recent call last):
  File "/Users/cindrax/Desktop/AI 软件创业/geo_toolkit/mvp_a_audit/app.py", line 199, in render_scanning
    audit_results[key] = future.result()
                         ~~~~~~~~~~~~~^^
  File "/Users/cindrax/.local/share/uv/python/cpython-3.14.3-macos-aarch64-none/lib/python3.14/concurrent/futures/_base.py", line 443, in result
    return self.__get_result()
           ~~~~~~~~~~~~~~~~~^^
  File "/Users/cindrax/.local/share/uv/python/cpython-3.14.3-macos-aarch64-none/lib/python3.14/concurrent/futures/_base.py", line 395, in __get_result
    raise self._exception
  File "/Users/cindrax/.local/share/uv/python/cpython-3.14.3-macos-aarch64-none/lib/python3.14/concurrent/futures/thread.py", line 86, in run
    result = ctx.run(self.task)
  File "/Users/cindrax/.local/share/uv/python/cpython-3.14.3-macos-aarch64-none/lib/python3.14/concurrent/futures/thread.py", line 73, in run
    return fn(*args, **kwargs)
  File "/Users/cindrax/Desktop/AI 软件创业/geo_toolkit/mvp_a_audit/analyzers/brand_clarity.py", line 26, in analyze
    prompt_tmpl = _PROMPT_PATH.read_text(encoding="utf-8")
  File "/Users/cindrax/.local/share/uv/python/cpython-3.14.3-macos-aarch64-none/lib/python3.14/pathlib/__init__.py", line 787, in read_text
    with self.open(mode='r', encoding=encoding, errors=errors, newline=newline) as f:
         ~~~~~~~~~^^^^^^^^^^^^^^^^^^^^^^^^^^^^^^^^^^^^^^^^^^^^^^^^^^^^^^^^^^^^^
  File "/Users/cindrax/.local/share/uv/python/cpython-3.14.3-macos-aarch64-none/lib/python3.14/pathlib/__init__.py", line 771, in open
    return io.open(self, mode, buffering, encoding, errors, newline)
           ~~~~~~~^^^^^^^^^^^^^^^^^^^^^^^^^^^^^^^^^^^^^^^^^^^^^^^^^^
FileNotFoundError: [Errno 2] No such file or directory: '/Users/cindrax/Desktop/AI 软件创业/prompts/geo_audit/04_brand_clarity.txt'


[ANALYZER ERROR] eeat_signals: FileNotFoundError: [Errno 2] No such file or directory: '/Users/cindrax/Desktop/AI 软件创业/prompts/geo_audit/06_eeat_signals.txt'
Traceback (most recent call last):
  File "/Users/cindrax/Desktop/AI 软件创业/geo_toolkit/mvp_a_audit/app.py", line 199, in render_scanning
    audit_results[key] = future.result()
                         ~~~~~~~~~~~~~^^
  File "/Users/cindrax/.local/share/uv/python/cpython-3.14.3-macos-aarch64-none/lib/python3.14/concurrent/futures/_base.py", line 443, in result
    return self.__get_result()
           ~~~~~~~~~~~~~~~~~^^
  File "/Users/cindrax/.local/share/uv/python/cpython-3.14.3-macos-aarch64-none/lib/python3.14/concurrent/futures/_base.py", line 395, in __get_result
    raise self._exception
  File "/Users/cindrax/.local/share/uv/python/cpython-3.14.3-macos-aarch64-none/lib/python3.14/concurrent/futures/thread.py", line 86, in run
    result = ctx.run(self.task)
  File "/Users/cindrax/.local/share/uv/python/cpython-3.14.3-macos-aarch64-none/lib/python3.14/concurrent/futures/thread.py", line 73, in run
    return fn(*args, **kwargs)
  File "/Users/cindrax/Desktop/AI 软件创业/geo_toolkit/mvp_a_audit/analyzers/eeat_signals.py", line 25, in analyze
    prompt_tmpl = _PROMPT_PATH.read_text(encoding="utf-8")
  File "/Users/cindrax/.local/share/uv/python/cpython-3.14.3-macos-aarch64-none/lib/python3.14/pathlib/__init__.py", line 787, in read_text
    with self.open(mode='r', encoding=encoding, errors=errors, newline=newline) as f:
         ~~~~~~~~~^^^^^^^^^^^^^^^^^^^^^^^^^^^^^^^^^^^^^^^^^^^^^^^^^^^^^^^^^^^^^
  File "/Users/cindrax/.local/share/uv/python/cpython-3.14.3-macos-aarch64-none/lib/python3.14/pathlib/__init__.py", line 771, in open
    return io.open(self, mode, buffering, encoding, errors, newline)
           ~~~~~~~^^^^^^^^^^^^^^^^^^^^^^^^^^^^^^^^^^^^^^^^^^^^^^^^^^
FileNotFoundError: [Errno 2] No such file or directory: '/Users/cindrax/Desktop/AI 软件创业/prompts/geo_audit/06_eeat_signals.txt'


[ANALYZER ERROR] factual_density: FileNotFoundError: [Errno 2] No such file or directory: '/Users/cindrax/Desktop/AI 软件创业/prompts/geo_audit/08_factual_density.txt'
Traceback (most recent call last):
  File "/Users/cindrax/Desktop/AI 软件创业/geo_toolkit/mvp_a_audit/app.py", line 199, in render_scanning
    audit_results[key] = future.result()
                         ~~~~~~~~~~~~~^^
  File "/Users/cindrax/.local/share/uv/python/cpython-3.14.3-macos-aarch64-none/lib/python3.14/concurrent/futures/_base.py", line 443, in result
    return self.__get_result()
           ~~~~~~~~~~~~~~~~~^^
  File "/Users/cindrax/.local/share/uv/python/cpython-3.14.3-macos-aarch64-none/lib/python3.14/concurrent/futures/_base.py", line 395, in __get_result
    raise self._exception
  File "/Users/cindrax/.local/share/uv/python/cpython-3.14.3-macos-aarch64-none/lib/python3.14/concurrent/futures/thread.py", line 86, in run
    result = ctx.run(self.task)
  File "/Users/cindrax/.local/share/uv/python/cpython-3.14.3-macos-aarch64-none/lib/python3.14/concurrent/futures/thread.py", line 73, in run
    return fn(*args, **kwargs)
  File "/Users/cindrax/Desktop/AI 软件创业/geo_toolkit/mvp_a_audit/analyzers/factual_density.py", line 25, in analyze
    prompt_tmpl = _PROMPT_PATH.read_text(encoding="utf-8")
  File "/Users/cindrax/.local/share/uv/python/cpython-3.14.3-macos-aarch64-none/lib/python3.14/pathlib/__init__.py", line 787, in read_text
    with self.open(mode='r', encoding=encoding, errors=errors, newline=newline) as f:
         ~~~~~~~~~^^^^^^^^^^^^^^^^^^^^^^^^^^^^^^^^^^^^^^^^^^^^^^^^^^^^^^^^^^^^^
  File "/Users/cindrax/.local/share/uv/python/cpython-3.14.3-macos-aarch64-none/lib/python3.14/pathlib/__init__.py", line 771, in open
    return io.open(self, mode, buffering, encoding, errors, newline)
           ~~~~~~~^^^^^^^^^^^^^^^^^^^^^^^^^^^^^^^^^^^^^^^^^^^^^^^^^^
FileNotFoundError: [Errno 2] No such file or directory: '/Users/cindrax/Desktop/AI 软件创业/prompts/geo_audit/08_factual_density.txt'


[ANALYZER ERROR] competitive: FileNotFoundError: [Errno 2] No such file or directory: '/Users/cindrax/Desktop/AI 软件创业/prompts/geo_audit/07_competitive.txt'
Traceback (most recent call last):
  File "/Users/cindrax/Desktop/AI 软件创业/geo_toolkit/mvp_a_audit/app.py", line 199, in render_scanning
    audit_results[key] = future.result()
                         ~~~~~~~~~~~~~^^
  File "/Users/cindrax/.local/share/uv/python/cpython-3.14.3-macos-aarch64-none/lib/python3.14/concurrent/futures/_base.py", line 443, in result
    return self.__get_result()
           ~~~~~~~~~~~~~~~~~^^
  File "/Users/cindrax/.local/share/uv/python/cpython-3.14.3-macos-aarch64-none/lib/python3.14/concurrent/futures/_base.py", line 395, in __get_result
    raise self._exception
  File "/Users/cindrax/.local/share/uv/python/cpython-3.14.3-macos-aarch64-none/lib/python3.14/concurrent/futures/thread.py", line 86, in run
    result = ctx.run(self.task)
  File "/Users/cindrax/.local/share/uv/python/cpython-3.14.3-macos-aarch64-none/lib/python3.14/concurrent/futures/thread.py", line 73, in run
    return fn(*args, **kwargs)
  File "/Users/cindrax/Desktop/AI 软件创业/geo_toolkit/mvp_a_audit/analyzers/competitive.py", line 44, in analyze
    prompt_tmpl = _PROMPT_PATH.read_text(encoding="utf-8")
  File "/Users/cindrax/.local/share/uv/python/cpython-3.14.3-macos-aarch64-none/lib/python3.14/pathlib/__init__.py", line 787, in read_text
    with self.open(mode='r', encoding=encoding, errors=errors, newline=newline) as f:
         ~~~~~~~~~^^^^^^^^^^^^^^^^^^^^^^^^^^^^^^^^^^^^^^^^^^^^^^^^^^^^^^^^^^^^^
  File "/Users/cindrax/.local/share/uv/python/cpython-3.14.3-macos-aarch64-none/lib/python3.14/pathlib/__init__.py", line 771, in open
    return io.open(self, mode, buffering, encoding, errors, newline)
           ~~~~~~~^^^^^^^^^^^^^^^^^^^^^^^^^^^^^^^^^^^^^^^^^^^^^^^^^^
FileNotFoundError: [Errno 2] No such file or directory: '/Users/cindrax/Desktop/AI 软件创业/prompts/geo_audit/07_competitive.txt'


[ANALYZER ERROR] content_citability: FileNotFoundError: [Errno 2] No such file or directory: '/Users/cindrax/Desktop/AI 软件创业/prompts/geo_audit/05_content_citability.txt'
Traceback (most recent call last):
  File "/Users/cindrax/Desktop/AI 软件创业/geo_toolkit/mvp_a_audit/app.py", line 199, in render_scanning
    audit_results[key] = future.result()
                         ~~~~~~~~~~~~~^^
  File "/Users/cindrax/.local/share/uv/python/cpython-3.14.3-macos-aarch64-none/lib/python3.14/concurrent/futures/_base.py", line 443, in result
    return self.__get_result()
           ~~~~~~~~~~~~~~~~~^^
  File "/Users/cindrax/.local/share/uv/python/cpython-3.14.3-macos-aarch64-none/lib/python3.14/concurrent/futures/_base.py", line 395, in __get_result
    raise self._exception
  File "/Users/cindrax/.local/share/uv/python/cpython-3.14.3-macos-aarch64-none/lib/python3.14/concurrent/futures/thread.py", line 86, in run
    result = ctx.run(self.task)
  File "/Users/cindrax/.local/share/uv/python/cpython-3.14.3-macos-aarch64-none/lib/python3.14/concurrent/futures/thread.py", line 73, in run
    return fn(*args, **kwargs)
  File "/Users/cindrax/Desktop/AI 软件创业/geo_toolkit/mvp_a_audit/analyzers/content_citability.py", line 55, in analyze
    prompt_tmpl = _PROMPT_PATH.read_text(encoding="utf-8")
  File "/Users/cindrax/.local/share/uv/python/cpython-3.14.3-macos-aarch64-none/lib/python3.14/pathlib/__init__.py", line 787, in read_text
    with self.open(mode='r', encoding=encoding, errors=errors, newline=newline) as f:
         ~~~~~~~~~^^^^^^^^^^^^^^^^^^^^^^^^^^^^^^^^^^^^^^^^^^^^^^^^^^^^^^^^^^^^^
  File "/Users/cindrax/.local/share/uv/python/cpython-3.14.3-macos-aarch64-none/lib/python3.14/pathlib/__init__.py", line 771, in open
    return io.open(self, mode, buffering, encoding, errors, newline)
           ~~~~~~~^^^^^^^^^^^^^^^^^^^^^^^^^^^^^^^^^^^^^^^^^^^^^^^^^^
FileNotFoundError: [Errno 2] No such file or directory: '/Users/cindrax/Desktop/AI 软件创业/prompts/geo_audit/05_content_citability.txt'

